					 
					; simple Libra program that displays 'Hi'
					
					start:
0000	BAE904		        mov     DX, 04E9h	; load the display port I/O address into register DX (16 bits wide)
					        
							
0003	B044				mov     AL, 'D'		; load the ASCII value of the character 'i' into register AL (8 bits wide)
0005	EE		        out     DX, AL		; send the ASCII character in AL out to the display at the port number in DX
							
0006	B041				mov     AL, 'A'		; load the ASCII value of the character 'i' into register AL (8 bits wide)
0008	EE		        out     DX, AL		; send the ASCII character in AL out to the display at the port number in DX
							
0009	B04D				mov     AL, 'M'		; load the ASCII value of the character 'i' into register AL (8 bits wide)
000B	EE		        out     DX, AL		; send the ASCII character in AL out to the display at the port number in DX
							
000C	B041				mov     AL, 'A'		; load the ASCII value of the character 'i' into register AL (8 bits wide)
000E	EE		        out     DX, AL		; send the ASCII character in AL out to the display at the port number in DX
							
000F	B04E				mov     AL, 'N'		; load the ASCII value of the character 'i' into register AL (8 bits wide)
0011	EE		        out     DX, AL		; send the ASCII character in AL out to the display at the port number in DX
					
0012	F4		        hlt					;  STOP the Libra CPU!
							
					        .END     start				; Directive to assembler: this is the end of the program. The entry point of the program should be at the "start:" label
					
